// Jest Snapshot v1, https://goo.gl/fbAQLP

exports[`HeaderComponent renders properly 1`] = `ShallowWrapper {}`;
