// Jest Snapshot v1, https://goo.gl/fbAQLP

exports[`LoginHeader renders properly 1`] = `<LoginHeader />`;
